                                                                                
                             ╭────────────────────╮                             
                             │   Browse Plugins   │                             
                             ╰────────────────────╯                             
                                                                                
                             all  [theme]  session                              
                                                                                
                                                                                
  >  1.2k  catppuccin/tmux                                                      
         Soothing pastel theme                                                  
                                                                                
                                                                                
                                                                                
                                                                                
                                                                                
                                                                                
                                                                                
                                                                                
                                                                                
                                                                                
                                                                                
                                                                                
                                                                                
             enter open  / filter  tab category  install  esc back              