                                                                                
                             ╭────────────────────╮                             
                             │   Browse Plugins   │                             
                             ╰────────────────────╯                             
                                                                                
                             all  [theme]  session                              
                              > Filter plugins...                               
                                                                                
                          >  1.2k  catppuccin/tmux                              
                                 Soothing pastel theme                          
                                                                                
                                                                                
                                                                                
                                                                                
                                                                                
                                                                                
                                                                                
                                                                                
                                                                                
                                                                                
                                                                                
                                                                                
             enter open  / filter  tab category  install  esc back              
                                                                                