                                                                                
                             ╭────────────────────╮                             
                             │   Browse Plugins   │                             
                             ╰────────────────────╯                             
                                                                                
                                                                                
                              > Filter plugins...                               
                                                                                
                             ⣾  Loading registry...                             
                                                                                
                                                                                
                                                                                
                                                                                
                                                                                
                                                                                
                                                                                
                                                                                
                                                                                
                                                                                
                                                                                
                                                                                
                                                                                
                   / filter  tab category  install  esc back                    
                                                                                