                                                                                
                             ╭────────────────────╮                             
                             │   Browse Plugins   │                             
                             ╰────────────────────╯                             
                                                                                
                                                                                
                                                                                
                                                                                
                             ⣾  Loading registry...                             
                                                                                
                                                                                
                                                                                
                                                                                
                                                                                
                                                                                
                                                                                
                                                                                
                                                                                
                                                                                
                                                                                
                                                                                
                                                                                
                                                                                
             enter open  / filter  tab category  install  esc back              