                                                                                
                       ╭────────────────────────────────╮                       
                       │   tmux-yank — 20 new commits   │                       
                       ╰────────────────────────────────╯                       
                                                                                
                                                                                
  > 0000001 commit message 1                                                    
    0000002 commit message 2                                                    
    0000003 commit message 3                                                    
    0000004 commit message 4                                                    
    0000005 commit message 5                                                    
    0000006 commit message 6                                                    
    0000007 commit message 7                                                    
    0000008 commit message 8                                                    
    0000009 commit message 9                                                    
    000000a commit message 10                                                   
    000000b commit message 11                                                   
    ↓ more below                                                                
                                                                                
                                                                                
                                                                                
                                                                                
                                 esc back  quit                                 
                                                                                