                                                                                
                     ╭───────────────────────────────────╮                      
                     │   tmux-resurrect — 1 new commit   │                      
                     ╰───────────────────────────────────╯                      
                                                                                
                                                                                
  > abc1234 bump version to 1.0                                                 
                                                                                
                                                                                
                                                                                
                                                                                
                                                                                
                                                                                
                                                                                
                                                                                
                                                                                
                                                                                
                                                                                
                                                                                
                                                                                
                                                                                
                                                                                
                                esc back  q quit                                
                                                                                