                                                                                
                     ╭───────────────────────────────────╮                      
                     │   tmux-sensible — 3 new commits   │                      
                     ╰───────────────────────────────────╯                      
                                                                                
                                                                                
  > abc1234 add feature X                                                       
    def5678 fix bug Y                                                           
    ghi9012 refactor Z                                                          
                                                                                
                                                                                
                                                                                
                                                                                
                                                                                
                                                                                
                                                                                
                                                                                
                                                                                
                                                                                
                                                                                
                                                                                
                                                                                
                                esc back  q quit                                
                                                                                