                                                                                
                               ╭────────────────╮                               
                               │   Debug Info   │                               
                               ╰────────────────╯                               
                                                                                
    Version:  1.2.3                                                             
    Binary:  /usr/local/bin/tpack                                               
                                                                                
                                                                                
                                                                                
                                                                                
                                                                                
                                                                                
                                                                                
                                                                                
                                                                                
                                                                                
                                                                                
                                                                                
                                                                                
                                                                                
                                                                                
                                                                                
                                 esc back  quit                                 