                                                                                
                           ╭────────────────────────╮                           
                           │   TPM Plugin Manager   │                           
                           ╰────────────────────────╯                           
                                                                                
                          0 installed, 0 not installed                          
                                                                                
                        No plugins configured in tmux.conf                      
                                                                                
                                                                                
                                                                                
                                                                                
                                                                                
                                                                                
                                                                                
                                                                                
                                                                                
                                                                                
                                                                                
                                                                                
                                                                                
                                                                                
                                     q quit                                     
                                                                                