                                                                                
                                 ╭───────────╮                                  
                                 │   tpack   │                                  
                                 ╰───────────╯                                  
                                                                                
                    1 installed, 1 not installed, 1 outdated                    
                                                                                
                         name              status                               
                         ────────────────────────────────                       
                       > tmux-sensible     Installed                            
                         tmux-yank         Not Installed                        
                         tmux-resurrect    Outdated                             
                                                                                
                                                                                
                                                                                
                                                                                
                                                                                
                                                                                
                                                                                
                                                                                
                                                                                
                                                                                
                                                                                
                   update  x uninstall  remove  browse  quit                    