                                                                                
                                 ╭───────────╮                                  
                                 │   tpack   │                                  
                                 ╰───────────╯                                  
                                                                                
                          2 installed, 0 not installed                          
                                                                                
                         name             status                                
                         ───────────────────────────────                        
                       > tmux-sensible    Installed                             
                         tmux-yank        Installed                             
                                                                                
                       Orphaned: old-plugin, stale-plugin                       
                                                                                
                                                                                
                                                                                
                                                                                
                                                                                
                                                                                
                                                                                
                                                                                
                                                                                
                   update  x uninstall  clean  / search  quit                   
                                                                                