                                                                                
                                 ╭───────────╮                                  
                                 │   tpack   │                                  
                                 ╰───────────╯                                  
                                                                                
                          0 installed, 3 not installed                          
                                                                                
                         name              status                               
                         ────────────────────────────────                       
                       > tmux-sensible     Not Installed                        
                         tmux-yank         Not Installed                        
                         tmux-resurrect    Not Installed                        
                                                                                
                                                                                
                                                                                
                                                                                
                                                                                
                                                                                
                                                                                
                                                                                
                                                                                
                                                                                
                                                                                
                         install  remove  browse  quit                          