                                                                                
                                 ╭───────────╮                                  
                                 │   tpack   │                                  
                                 ╰───────────╯                                  
                                                                                
                          3 installed, 0 not installed                          
                                                                                
                         name              status                               
                         ────────────────────────────────                       
                       > tmux-sensible     Installed                            
                         tmux-yank         Installed                            
                         tmux-resurrect    Installed                            
                                                                                
                                                                                
                                                                                
                                                                                
                                                                                
                                                                                
                                                                                
                                                                                
                                                                                
                                                                                
                    u update  x uninstall  / search  q quit                     
                                                                                