                                                                                
                                 ╭───────────╮                                  
                                 │   tpack   │                                  
                                 ╰───────────╯                                  
                                                                                
                         20 installed, 0 not installed                          
                                                                                
                           name          status                                 
                           ────────────────────────────                         
                         > plugin-01     Installed                              
                           plugin-02     Installed                              
                           plugin-03     Installed                              
                           plugin-04     Installed                              
                           plugin-05     Installed                              
                           plugin-06     Installed                              
                           plugin-07     Installed                              
                           plugin-08     Installed                              
                           plugin-09     Installed                              
                           plugin-10     Installed                              
                           plugin-11     Installed                              
                           plugin-12     Installed                              
                           ↓ more below                                         
                                                                                
                       update  x uninstall  browse  quit                        