                                                                                
                           ╭────────────────────────╮                           
                           │   TPM Plugin Manager   │                           
                           ╰────────────────────────╯                           
                                                                                
                          0 installed, 1 not installed                          
                                                                                
                         name             status                                
                         ───────────────────────────────                        
                       > tmux-sensible    Not Installed                         
                                                                                
                                                                                
                                                                                
                                                                                
                                                                                
                                                                                
                                                                                
                                                                                
                                                                                
                                                                                
                                                                                
                                                                                
                               i install  q quit                                
                                                                                