                                                                                
                         ╭───────────────────────────╮                          
                         │   Update in progress...   │                          
                         ╰───────────────────────────╯                          
                                                                                
                           Processing 3 of 3 plugins                            
                                                                                
          ███████████████████████████████████████████████████████ 100%          
                                                                                
                 1 already up-to-date, ✓ 2 updated, ✗ 0 failed                  
                                                                                
                      > ▸ ✓ tmux-sensible (3 new commits)                       
                        ▸ ✓ tmux-yank (1 new commit)                            
                                                                                
                                                                                
                                                                                
                                                                                
                                                                                
                                                                                
                                                                                
                                                                                
                                                                                
                   enter view commits  quit  esc back to list                   
                                                                                