                                                                                
                         ╭────────────────────────────╮                         
                         │   Install in progress...   │                         
                         ╰────────────────────────────╯                         
                                                                                
                           Processing 3 of 3 plugins                            
                                                                                
          ███████████████████████████████████████████████████████ 100%          
                                                                                
                           ✓ 2 successful  ✗ 1 failed                           
                                                                                
                     >   ✓ tmux-sensible                                        
                         ✗ tmux-yank: clone failed: timeout                     
                         ✓ tmux-resurrect                                       
                                                                                
                                                                                
                                                                                
                                                                                
                                                                                
                                                                                
                                                                                
                                                                                
                  enter view commits  q quit  esc back to list                  
                                                                                