                                                                                
                         ╭────────────────────────────╮                         
                         │   Install in progress...   │                         
                         ╰────────────────────────────╯                         
                                                                                
                           Processing 3 of 3 plugins                            
                                                                                
          ███████████████████████████████████████████████████████ 100%          
                                                                                
                           ✓ 3 successful  ✗ 0 failed                           
                                                                                
                              >   ✓ tmux-sensible                               
                                  ✓ tmux-yank                                   
                                  ✓ tmux-resurrect                              
                                                                                
                                                                                
                                                                                
                                                                                
                                                                                
                                                                                
                                                                                
                                                                                
                  enter view commits  q quit  esc back to list                  
                                                                                