                                                                                
                         ╭────────────────────────────╮                         
                         │   Install in progress...   │                         
                         ╰────────────────────────────╯                         
                                                                                
                           Processing 2 of 2 plugins                            
                                                                                
          ███████████████████████████████████████████████████████ 100%          
                                                                                
                           ✓ 2 successful  ✗ 0 failed                           
                                                                                
                              >   ✓ tmux-sensible                               
                                  ✓ tmux-yank                                   
                                                                                
                                                                                
                                                                                
                                                                                
                                                                                
                                                                                
                                                                                
                                                                                
                                                                                
                            enter view commits  quit                            
                                                                                