                                                                                
                         ╭────────────────────────────╮                         
                         │   Install in progress...   │                         
                         ╰────────────────────────────╯                         
                                                                                
                           Processing 1 of 3 plugins                            
                                                                                
                       Current: tmux-yank, tmux-resurrect                       
                                                                                
          ██████████████████░░░░░░░░░░░░░░░░░░░░░░░░░░░░░░░░░░░░░  33%          
                                                                                
                           ✓ 0 successful  ✗ 0 failed                           