                                                                                
                             ╭────────────────────╮                             
                             │   Search Plugins   │                             
                             ╰────────────────────╯                             
                                                                                
                                                                                
                              > Search plugins...                               
                                                                                
                             ⣾  Loading registry...                             
                                                                                
                                                                                
                                                                                
                                                                                
                                                                                
                                                                                
                                                                                
                                                                                
                                                                                
                                                                                
                                                                                
                                                                                
                                                                                
                / filter  tab category  enter install  esc back                 
                                                                                